###############################################################################
#                                                                             #
# IAR ELF Linker V6.40.1.53790/W32 for ARM              16/Feb/2014  14:00:31 #
# Copyright 2007-2012 IAR Systems AB.                                         #
#                                                                             #
#    Output file  =  C:\embed\LPLD\LPLD_OSKinetis_V3\project\02-(GPIO)LPLD_Le #
#                    dLight\iar\RAM\Exe\LPLD_LedLight_K60.out                 #
#    Map file     =  C:\embed\LPLD\LPLD_OSKinetis_V3\project\02-(GPIO)LPLD_Le #
#                    dLight\iar\RAM\List\LPLD_LedLight_K60.map                #
#    Command line =  "C:\embed\LPLD\LPLD_OSKinetis_V3\project\02-(GPIO)LPLD_L #
#                    edLight\iar\RAM\Obj\DEV_LCD.o"                           #
#                    "C:\embed\LPLD\LPLD_OSKinetis_V3\project\02-(GPIO)LPLD_L #
#                    edLight\iar\RAM\Obj\HW_ADC.o"                            #
#                    "C:\embed\LPLD\LPLD_OSKinetis_V3\project\02-(GPIO)LPLD_L #
#                    edLight\iar\RAM\Obj\HW_CAN.o"                            #
#                    "C:\embed\LPLD\LPLD_OSKinetis_V3\project\02-(GPIO)LPLD_L #
#                    edLight\iar\RAM\Obj\HW_DAC.o"                            #
#                    "C:\embed\LPLD\LPLD_OSKinetis_V3\project\02-(GPIO)LPLD_L #
#                    edLight\iar\RAM\Obj\HW_DMA.o"                            #
#                    "C:\embed\LPLD\LPLD_OSKinetis_V3\project\02-(GPIO)LPLD_L #
#                    edLight\iar\RAM\Obj\HW_ENET.o"                           #
#                    "C:\embed\LPLD\LPLD_OSKinetis_V3\project\02-(GPIO)LPLD_L #
#                    edLight\iar\RAM\Obj\HW_FLASH.o"                          #
#                    "C:\embed\LPLD\LPLD_OSKinetis_V3\project\02-(GPIO)LPLD_L #
#                    edLight\iar\RAM\Obj\HW_FLEXBUS.o"                        #
#                    "C:\embed\LPLD\LPLD_OSKinetis_V3\project\02-(GPIO)LPLD_L #
#                    edLight\iar\RAM\Obj\HW_FTM.o"                            #
#                    "C:\embed\LPLD\LPLD_OSKinetis_V3\project\02-(GPIO)LPLD_L #
#                    edLight\iar\RAM\Obj\HW_GPIO.o"                           #
#                    "C:\embed\LPLD\LPLD_OSKinetis_V3\project\02-(GPIO)LPLD_L #
#                    edLight\iar\RAM\Obj\HW_I2C.o"                            #
#                    "C:\embed\LPLD\LPLD_OSKinetis_V3\project\02-(GPIO)LPLD_L #
#                    edLight\iar\RAM\Obj\HW_LPTMR.o"                          #
#                    "C:\embed\LPLD\LPLD_OSKinetis_V3\project\02-(GPIO)LPLD_L #
#                    edLight\iar\RAM\Obj\HW_MCG.o"                            #
#                    "C:\embed\LPLD\LPLD_OSKinetis_V3\project\02-(GPIO)LPLD_L #
#                    edLight\iar\RAM\Obj\HW_PDB.o"                            #
#                    "C:\embed\LPLD\LPLD_OSKinetis_V3\project\02-(GPIO)LPLD_L #
#                    edLight\iar\RAM\Obj\HW_PIT.o"                            #
#                    "C:\embed\LPLD\LPLD_OSKinetis_V3\project\02-(GPIO)LPLD_L #
#                    edLight\iar\RAM\Obj\HW_RTC.o"                            #
#                    "C:\embed\LPLD\LPLD_OSKinetis_V3\project\02-(GPIO)LPLD_L #
#                    edLight\iar\RAM\Obj\HW_SDHC.o"                           #
#                    "C:\embed\LPLD\LPLD_OSKinetis_V3\project\02-(GPIO)LPLD_L #
#                    edLight\iar\RAM\Obj\HW_SPI.o"                            #
#                    "C:\embed\LPLD\LPLD_OSKinetis_V3\project\02-(GPIO)LPLD_L #
#                    edLight\iar\RAM\Obj\HW_TSI.o"                            #
#                    "C:\embed\LPLD\LPLD_OSKinetis_V3\project\02-(GPIO)LPLD_L #
#                    edLight\iar\RAM\Obj\HW_UART.o"                           #
#                    "C:\embed\LPLD\LPLD_OSKinetis_V3\project\02-(GPIO)LPLD_L #
#                    edLight\iar\RAM\Obj\HW_USB.o"                            #
#                    "C:\embed\LPLD\LPLD_OSKinetis_V3\project\02-(GPIO)LPLD_L #
#                    edLight\iar\RAM\Obj\HW_WDOG.o"                           #
#                    "C:\embed\LPLD\LPLD_OSKinetis_V3\project\02-(GPIO)LPLD_L #
#                    edLight\iar\RAM\Obj\LPLD_LedLight.o"                     #
#                    "C:\embed\LPLD\LPLD_OSKinetis_V3\project\02-(GPIO)LPLD_L #
#                    edLight\iar\RAM\Obj\alloc.o"                             #
#                    "C:\embed\LPLD\LPLD_OSKinetis_V3\project\02-(GPIO)LPLD_L #
#                    edLight\iar\RAM\Obj\assert.o"                            #
#                    "C:\embed\LPLD\LPLD_OSKinetis_V3\project\02-(GPIO)LPLD_L #
#                    edLight\iar\RAM\Obj\io.o" "C:\embed\LPLD\LPLD_OSKinetis_ #
#                    V3\project\02-(GPIO)LPLD_LedLight\iar\RAM\Obj\printf.o"  #
#                    "C:\embed\LPLD\LPLD_OSKinetis_V3\project\02-(GPIO)LPLD_L #
#                    edLight\iar\RAM\Obj\queue.o"                             #
#                    "C:\embed\LPLD\LPLD_OSKinetis_V3\project\02-(GPIO)LPLD_L #
#                    edLight\iar\RAM\Obj\relocate.o"                          #
#                    "C:\embed\LPLD\LPLD_OSKinetis_V3\project\02-(GPIO)LPLD_L #
#                    edLight\iar\RAM\Obj\startup_K60.o"                       #
#                    "C:\embed\LPLD\LPLD_OSKinetis_V3\project\02-(GPIO)LPLD_L #
#                    edLight\iar\RAM\Obj\stdlib.o"                            #
#                    "C:\embed\LPLD\LPLD_OSKinetis_V3\project\02-(GPIO)LPLD_L #
#                    edLight\iar\RAM\Obj\system_MK60DZ10.o"                   #
#                    "C:\embed\LPLD\LPLD_OSKinetis_V3\project\02-(GPIO)LPLD_L #
#                    edLight\iar\RAM\Obj\uif.o" --redirect                    #
#                    _Printf=_PrintfFull --redirect _Scanf=_ScanfFull -o      #
#                    "C:\embed\LPLD\LPLD_OSKinetis_V3\project\02-(GPIO)LPLD_L #
#                    edLight\iar\RAM\Exe\LPLD_LedLight_K60.out" --map         #
#                    "C:\embed\LPLD\LPLD_OSKinetis_V3\project\02-(GPIO)LPLD_L #
#                    edLight\iar\RAM\List\LPLD_LedLight_K60.map" --config     #
#                    "C:\embed\LPLD\LPLD_OSKinetis_V3\project\02-(GPIO)LPLD_L #
#                    edLight\iar\..\..\..\lib\iar_config_files\128KB_Ram.icf" #
#                     --semihosting --entry __iar_program_start "C:\Program   #
#                    Files (x86)\IAR Systems\Embedded Workbench               #
#                    6.4\arm\CMSIS\Lib\IAR\iar_cortexM4l_math.a" --vfe        #
#                                                                             #
#                                                                             #
###############################################################################

*******************************************************************************
*** RUNTIME MODEL ATTRIBUTES
***

CppFlavor       = *
__SystemLibrary = DLib


*******************************************************************************
*** PLACEMENT SUMMARY
***

"A1":  place at 0x1fff0000 { ro section .intvec };
"A2":  place at 0x1fff0410 { ro section .noinit };
"P1":  place in [from 0x1fff0000 to 0x20010000] { ro, block CodeRelocate };
"P2":  place in [from 0x1fff0000 to 0x20010000] {
          rw, block CodeRelocateRam, block CSTACK, block HEAP };

  Section              Kind        Address    Size  Object
  -------              ----        -------    ----  ------
"A1":                                        0x400
  .intvec              ro code  0x1fff0000   0x400  startup_K60.o [1]
                              - 0x1fff0400   0x400

"A2":                                         0x14
  .noinit              ro code  0x1fff0410    0x10  startup_K60.o [1]
  .noinit              ro code  0x1fff0420     0x4  startup_K60.o [1]
                              - 0x1fff0424    0x14

"P1":                                       0x1d90
  .text                ro code  0x1fff0424   0x508  HW_UART.o [1]
  .text                ro code  0x1fff092c   0x4bc  printf.o [1]
  .text                ro code  0x1fff0de8    0x1c  stdlib.o [1]
  .text                ro code  0x1fff0e04   0x218  HW_SPI.o [1]
  .text                ro code  0x1fff101c   0x1ec  HW_MCG.o [1]
  .text                ro code  0x1fff1208   0x1c0  system_MK60DZ10.o [1]
  .text                ro code  0x1fff13c8    0xa0  relocate.o [1]
  .text                ro code  0x1fff1468    0x56  ABImemcpy.o [5]
  .text                ro code  0x1fff14be    0x22  zero_init3.o [5]
  .text                ro code  0x1fff14e0   0x1be  HW_CAN.o [1]
  .text                ro code  0x1fff16a0   0x190  HW_GPIO.o [1]
  .text                ro code  0x1fff1830    0x10  assert.o [1]
  .text                ro code  0x1fff1840   0x168  HW_DMA.o [1]
  .text                ro code  0x1fff19a8    0xf4  HW_DAC.o [1]
  .text                ro code  0x1fff1a9c    0xcc  HW_I2C.o [1]
  .text                ro code  0x1fff1b68    0x80  HW_ENET.o [1]
  .text                ro code  0x1fff1be8    0x80  HW_PDB.o [1]
  .text                ro code  0x1fff1c68    0x7c  LPLD_LedLight.o [1]
  .text                ro code  0x1fff1ce4    0x70  HW_TSI.o [1]
  .text                ro code  0x1fff1d54    0x6c  HW_PIT.o [1]
  .rodata              const    0x1fff1dc0    0x64  system_MK60DZ10.o [1]
  .text                ro code  0x1fff1e24    0x60  HW_RTC.o [1]
  CodeRelocate                  0x1fff1e84    0x4c  <Block>
    Initializer bytes  ro data  0x1fff1e84    0x4c  <for CodeRelocateRam-1>
  .rodata              const    0x1fff1ed0    0x48  system_MK60DZ10.o [1]
  .rodata              const    0x1fff1f18    0x44  system_MK60DZ10.o [1]
  .rodata              const    0x1fff1f5c    0x38  HW_GPIO.o [1]
  .rodata              const    0x1fff1f94    0x30  assert.o [1]
  .rodata              const    0x1fff1fc4    0x30  system_MK60DZ10.o [1]
  .rodata              const    0x1fff1ff4    0x2c  system_MK60DZ10.o [1]
  .rodata              const    0x1fff2020    0x2c  system_MK60DZ10.o [1]
  .text                ro code  0x1fff204c    0x28  data_init3.o [5]
  .rodata              const    0x1fff2074    0x24  system_MK60DZ10.o [1]
  .text                ro code  0x1fff2098    0x24  HW_FTM.o [1]
  .iar.init_table      const    0x1fff20bc    0x10  - Linker created -
  .rodata              const    0x1fff20cc    0x20  system_MK60DZ10.o [1]
  .text                ro code  0x1fff20ec    0x20  HW_LPTMR.o [1]
  .text                ro code  0x1fff210c    0x1c  HW_ADC.o [1]
  .text                ro code  0x1fff2128    0x16  cmain.o [5]
  .text                ro code  0x1fff213e     0x4  low_level_init.o [3]
  .text                ro code  0x1fff2142     0x4  exit.o [3]
  .text                ro code  0x1fff2148     0xa  cexit.o [5]
  .text                ro code  0x1fff2154    0x14  exit.o [6]
  .text                ro code  0x1fff2168    0x14  io.o [1]
  .data_init                    0x1fff217c    0x14  <Block>
    Initializer bytes  ro data  0x1fff217c    0x14  <for .data-1>
  .text                ro code  0x1fff2190    0x10  HW_USB.o [1]
  .text                ro code  0x1fff21a0     0xc  cstartup_M.o [5]
  .rodata              const    0x1fff21ac     0x8  system_MK60DZ10.o [1]
  .rodata              const    0x1fff21b4     0x0  zero_init3.o [5]
                              - 0x1fff21b4  0x1d90

"P2", part 1 of 3:                            0x60
  CodeRelocateRam               0x1fff21b4    0x4c  <Block>
    CodeRelocateRam-1           0x1fff21b4    0x4c  <Init block>
      .textrw          inited   0x1fff21b4    0x4c  HW_MCG.o [1]
  .data                         0x1fff2200    0x14  <Block>
    .data-1                     0x1fff2200    0x14  <Init block>
      .data            inited   0x1fff2200     0x4  HW_MCG.o [1]
      .data            inited   0x1fff2204     0x4  HW_MCG.o [1]
      .data            inited   0x1fff2208     0x4  HW_MCG.o [1]
      .data            inited   0x1fff220c     0x4  HW_MCG.o [1]
      .data            inited   0x1fff2210     0x4  system_MK60DZ10.o [1]
                              - 0x1fff2214    0x60

"P2", part 2 of 3:                           0x2dc
  .bss                          0x1fff2214   0x2d8  <Block>
    .bss               zero     0x1fff2214     0x8  HW_ADC.o [1]
    .bss               zero     0x1fff221c   0x100  HW_CAN.o [1]
    .bss               zero     0x1fff231c    0x40  HW_CAN.o [1]
    .bss               zero     0x1fff235c    0x40  HW_CAN.o [1]
    .bss               zero     0x1fff239c     0x8  HW_DAC.o [1]
    .bss               zero     0x1fff23a4     0x8  HW_DAC.o [1]
    .bss               zero     0x1fff23ac     0x8  HW_DAC.o [1]
    .bss               zero     0x1fff23b4    0x40  HW_DMA.o [1]
    .bss               zero     0x1fff23f4    0x10  HW_ENET.o [1]
    .bss               zero     0x1fff2404     0xc  HW_FTM.o [1]
    .bss               zero     0x1fff2410    0x14  HW_GPIO.o [1]
    .bss               zero     0x1fff2424     0x8  HW_I2C.o [1]
    .bss               zero     0x1fff242c     0x4  HW_LPTMR.o [1]
    .bss               zero     0x1fff2430     0x4  HW_PDB.o [1]
    .bss               zero     0x1fff2434     0x4  HW_PDB.o [1]
    .bss               zero     0x1fff2438    0x10  HW_PIT.o [1]
    .bss               zero     0x1fff2448     0xc  HW_RTC.o [1]
    .bss               zero     0x1fff2454    0x18  HW_SPI.o [1]
    .bss               zero     0x1fff246c    0x18  HW_SPI.o [1]
    .bss               zero     0x1fff2484    0x18  HW_SPI.o [1]
    .bss               zero     0x1fff249c     0x8  HW_TSI.o [1]
    .bss               zero     0x1fff24a4    0x18  HW_UART.o [1]
    .bss               zero     0x1fff24bc    0x18  HW_UART.o [1]
    .bss               zero     0x1fff24d4     0x4  HW_USB.o [1]
    .bss               zero     0x1fff24d8    0x14  LPLD_LedLight.o [1]
                              - 0x1fff24ec   0x2d8

"P2", part 3 of 3:                           0x400
  CSTACK                        0x1fff24f0   0x400  <Block>
    CSTACK             uninit   0x1fff24f0   0x400  <Block tail>
                              - 0x1fff28f0   0x400


*******************************************************************************
*** INIT TABLE
***

          Address     Size
          -------     ----
Zero (__iar_zero_init3)
    1 destination range, total size 0x2d8:
          0x1fff2214  0x2d8



*******************************************************************************
*** MODULE SUMMARY
***

    Module             ro code  rw code  ro data  rw data
    ------             -------  -------  -------  -------
C:\embed\LPLD\LPLD_OSKinetis_V3\project\02-(GPIO)LPLD_LedLight\iar\RAM\Obj: [1]
    HW_ADC.o                28                          8
    HW_CAN.o               446                        384
    HW_DAC.o               244                         24
    HW_DMA.o               360                         64
    HW_ENET.o              128                         16
    HW_FTM.o                36                         12
    HW_GPIO.o              400                56       20
    HW_I2C.o               204                          8
    HW_LPTMR.o              32                          4
    HW_MCG.o               492       76       92       16
    HW_PDB.o               128                          8
    HW_PIT.o               108                         16
    HW_RTC.o                96                         12
    HW_SPI.o               536                         72
    HW_TSI.o               112                          8
    HW_UART.o            1 288                         48
    HW_USB.o                16                          4
    LPLD_LedLight.o        124                         20
    assert.o                16                48
    io.o                    20
    printf.o             1 212
    relocate.o             160
    startup_K60.o        1 044
    stdlib.o                28
    system_MK60DZ10.o      448               456        4
    -----------------------------------------------------
    Total:               7 706       76      652      748

command line: [2]
    -----------------------------------------------------
    Total:

dl7M_tln.a: [3]
    exit.o                   4
    low_level_init.o         4
    -----------------------------------------------------
    Total:                   8

m7M_tl.a: [4]
    -----------------------------------------------------
    Total:

rt7M_tl.a: [5]
    ABImemcpy.o             86
    cexit.o                 10
    cmain.o                 22
    cstartup_M.o            12
    data_init3.o            40
    zero_init3.o            34
    -----------------------------------------------------
    Total:                 204

shb_l.a: [6]
    exit.o                  20
    -----------------------------------------------------
    Total:                  20

    Gaps                     6
    Linker created                            16    1 024
---------------------------------------------------------
    Grand Total:         7 944       76      668    1 772


*******************************************************************************
*** ENTRY LIST
***

Entry                      Address   Size  Type      Object
-----                      -------   ----  ----      ------
.bss$$Base              0x1fff2214          --   Gb  - Linker created -
.bss$$Limit             0x1fff24ec          --   Gb  - Linker created -
.data$$Base             0x1fff2200          --   Gb  - Linker created -
.data$$Limit            0x1fff2214          --   Gb  - Linker created -
.data_init$$Base        0x1fff217c          --   Gb  - Linker created -
.data_init$$Limit       0x1fff2190          --   Gb  - Linker created -
?main                   0x1fff2129         Code  Gb  cmain.o [5]
ADC0_IRQHandler         0x1fff210d    0xa  Code  Gb  HW_ADC.o [1]
ADC1_IRQHandler         0x1fff2117    0xa  Code  Gb  HW_ADC.o [1]
ADC_ISR                 0x1fff2214    0x8  Data  Gb  HW_ADC.o [1]
ASSERT_FAILED_STR       0x1fff1f94   0x30  Data  Gb  assert.o [1]
BusFault_Handler        0x1fff0421         Code  Wk  startup_K60.o [1]
CAN0_BUS_OFF_IRQHandler
                        0x1fff1661    0x2  Code  Gb  HW_CAN.o [1]
CAN0_ERR_IRQHandler     0x1fff1663    0x2  Code  Gb  HW_CAN.o [1]
CAN0_IMEU_IRQHandler    0x1fff166b    0x2  Code  Gb  HW_CAN.o [1]
CAN0_ISR                0x1fff231c   0x40  Data  Gb  HW_CAN.o [1]
CAN0_LR_IRQHandler      0x1fff166d    0x2  Code  Gb  HW_CAN.o [1]
CAN0_MESS_IRQHandler    0x1fff1657    0xa  Code  Gb  HW_CAN.o [1]
CAN0_RW_IRQHandler      0x1fff1667    0x2  Code  Gb  HW_CAN.o [1]
CAN0_TW_IRQHandler      0x1fff1665    0x2  Code  Gb  HW_CAN.o [1]
CAN0_WAKE_UP_IRQHandler
                        0x1fff1669    0x2  Code  Gb  HW_CAN.o [1]
CAN1_BUS_OFF_IRQHandler
                        0x1fff1691    0x2  Code  Gb  HW_CAN.o [1]
CAN1_ERR_IRQHandler     0x1fff1693    0x2  Code  Gb  HW_CAN.o [1]
CAN1_IMEU_IRQHandler    0x1fff169b    0x2  Code  Gb  HW_CAN.o [1]
CAN1_ISR                0x1fff235c   0x40  Data  Gb  HW_CAN.o [1]
CAN1_LR_IRQHandler      0x1fff169d    0x2  Code  Gb  HW_CAN.o [1]
CAN1_MESS_IRQHandler    0x1fff166f    0xa  Code  Gb  HW_CAN.o [1]
CAN1_RW_IRQHandler      0x1fff1697    0x2  Code  Gb  HW_CAN.o [1]
CAN1_TW_IRQHandler      0x1fff1695    0x2  Code  Gb  HW_CAN.o [1]
CAN1_WAKE_UP_IRQHandler
                        0x1fff1699    0x2  Code  Gb  HW_CAN.o [1]
CMP0_IRQHandler         0x1fff0421         Code  Wk  startup_K60.o [1]
CMP1_IRQHandler         0x1fff0421         Code  Wk  startup_K60.o [1]
CMP2_IRQHandler         0x1fff0421         Code  Wk  startup_K60.o [1]
CMT_IRQHandler          0x1fff0421         Code  Wk  startup_K60.o [1]
CSTACK$$Base            0x1fff24f0          --   Gb  - Linker created -
CSTACK$$Limit           0x1fff28f0          --   Gb  - Linker created -
CodeRelocate$$Base      0x1fff1e84          --   Gb  - Linker created -
CodeRelocate$$Limit     0x1fff1ed0          --   Gb  - Linker created -
CodeRelocateRam$$Base   0x1fff21b4          --   Gb  - Linker created -
CodeRelocateRam$$Limit  0x1fff2200          --   Gb  - Linker created -
DAC0_IRQHandler         0x1fff19a9   0x6a  Code  Gb  HW_DAC.o [1]
DAC1_IRQHandler         0x1fff1a13   0x6a  Code  Gb  HW_DAC.o [1]
DAC_RDPTBOT_ISR         0x1fff239c    0x8  Data  Gb  HW_DAC.o [1]
DAC_RDPTTOP_ISR         0x1fff23a4    0x8  Data  Gb  HW_DAC.o [1]
DAC_WATERMK_ISR         0x1fff23ac    0x8  Data  Gb  HW_DAC.o [1]
DMA0_IRQHandler         0x1fff1841   0x16  Code  Gb  HW_DMA.o [1]
DMA10_IRQHandler        0x1fff191d   0x16  Code  Gb  HW_DMA.o [1]
DMA11_IRQHandler        0x1fff1933   0x16  Code  Gb  HW_DMA.o [1]
DMA12_IRQHandler        0x1fff1949   0x16  Code  Gb  HW_DMA.o [1]
DMA13_IRQHandler        0x1fff195f   0x16  Code  Gb  HW_DMA.o [1]
DMA14_IRQHandler        0x1fff1975   0x16  Code  Gb  HW_DMA.o [1]
DMA15_IRQHandler        0x1fff198b   0x16  Code  Gb  HW_DMA.o [1]
DMA1_IRQHandler         0x1fff1857   0x16  Code  Gb  HW_DMA.o [1]
DMA2_IRQHandler         0x1fff186d   0x16  Code  Gb  HW_DMA.o [1]
DMA3_IRQHandler         0x1fff1883   0x16  Code  Gb  HW_DMA.o [1]
DMA4_IRQHandler         0x1fff1899   0x16  Code  Gb  HW_DMA.o [1]
DMA5_IRQHandler         0x1fff18af   0x16  Code  Gb  HW_DMA.o [1]
DMA6_IRQHandler         0x1fff18c5   0x16  Code  Gb  HW_DMA.o [1]
DMA7_IRQHandler         0x1fff18db   0x16  Code  Gb  HW_DMA.o [1]
DMA8_IRQHandler         0x1fff18f1   0x16  Code  Gb  HW_DMA.o [1]
DMA9_IRQHandler         0x1fff1907   0x16  Code  Gb  HW_DMA.o [1]
DMA_ERR_IRQHandler      0x1fff0421         Code  Wk  startup_K60.o [1]
DMA_ISR                 0x1fff23b4   0x40  Data  Gb  HW_DMA.o [1]
DebugMon_Handler        0x1fff0421         Code  Wk  startup_K60.o [1]
DefaultISR              0x1fff1351   0x14  Code  Gb  system_MK60DZ10.o [1]
ENET_ISR                0x1fff23f4   0x10  Data  Gb  HW_ENET.o [1]
Eth_Err_Misc_IRQHandler
                        0x1fff1bcb   0x16  Code  Gb  HW_ENET.o [1]
Eth_IEEE1588_IRQHandler
                        0x1fff1bb5   0x16  Code  Gb  HW_ENET.o [1]
Eth_RX_IRQHandler       0x1fff1b69   0x26  Code  Gb  HW_ENET.o [1]
Eth_TX_IRQHandler       0x1fff1b8f   0x26  Code  Gb  HW_ENET.o [1]
FLASH_CC_IRQHandler     0x1fff0421         Code  Wk  startup_K60.o [1]
FLASH_RC_IRQHandler     0x1fff0421         Code  Wk  startup_K60.o [1]
FTM0_IRQHandler         0x1fff2099    0xa  Code  Gb  HW_FTM.o [1]
FTM1_IRQHandler         0x1fff20a3    0xa  Code  Gb  HW_FTM.o [1]
FTM2_IRQHandler         0x1fff20ad    0xa  Code  Gb  HW_FTM.o [1]
FTM_ISR                 0x1fff2404    0xc  Data  Gb  HW_FTM.o [1]
GPIO_ISR                0x1fff2410   0x14  Data  Gb  HW_GPIO.o [1]
HardFault_Handler       0x1fff1347    0xa  Code  Gb  system_MK60DZ10.o [1]
I2C0_IRQHandler         0x1fff1a9d   0x5a  Code  Gb  HW_I2C.o [1]
I2C1_IRQHandler         0x1fff1af7   0x5a  Code  Gb  HW_I2C.o [1]
I2C_ISR                 0x1fff2424    0x8  Data  Gb  HW_I2C.o [1]
I2S_IRQHandler          0x1fff0421         Code  Wk  startup_K60.o [1]
LLWU_IRQHandler         0x1fff0421         Code  Wk  startup_K60.o [1]
LPLD_CAN_CAN0_Interrupt_Handler
                        0x1fff15db   0x3e  Code  Lc  HW_CAN.o [1]
LPLD_CAN_CAN1_Interrupt_Handler
                        0x1fff1619   0x3e  Code  Lc  HW_CAN.o [1]
LPLD_CAN_Interrupt_ClearPending
                        0x1fff14e1   0x24  Code  Lc  HW_CAN.o [1]
LPLD_CAN_Interrupt_GetFlag
                        0x1fff1505   0x1e  Code  Lc  HW_CAN.o [1]
LPLD_CAN_Receive_Interrupt
                        0x1fff157f   0x5c  Code  Lc  HW_CAN.o [1]
LPLD_CAN_Transmit_Interrupt
                        0x1fff1523   0x5c  Code  Lc  HW_CAN.o [1]
LPLD_GPIO_Init          0x1fff16a1   0xe4  Code  Gb  HW_GPIO.o [1]
LPLD_GPIO_Toggle_b      0x1fff1785    0xa  Code  Gb  HW_GPIO.o [1]
LPLD_PLL_Setup          0x1fff101d  0x1ec  Code  Gb  HW_MCG.o [1]
LPLD_Set_SYS_DIV        0x1fff21b5   0x4c  Code  Gb  HW_MCG.o [1]
LPLD_UART_Init          0x1fff0425  0x314  Code  Gb  HW_UART.o [1]
LPLD_UART_PutChar       0x1fff0739    0xa  Code  Gb  HW_UART.o [1]
LPTMR_ISR               0x1fff242c    0x4  Data  Gb  HW_LPTMR.o [1]
LPT_IRQHandler          0x1fff20ed   0x16  Code  Gb  HW_LPTMR.o [1]
MCG_IRQHandler          0x1fff0421         Code  Wk  startup_K60.o [1]
MCM_IRQHandler          0x1fff0421         Code  Wk  startup_K60.o [1]
MemManage_Handler       0x1fff0421         Code  Wk  startup_K60.o [1]
NMI_Handler             0x1fff0421         Code  Wk  startup_K60.o [1]
OS_CPU_PendSVHandler    0x1fff0421         Code  Wk  startup_K60.o [1]
OS_CPU_SysTickHandler   0x1fff0421         Code  Wk  startup_K60.o [1]
PDB_IRQHandler          0x1fff1be9   0x6a  Code  Gb  HW_PDB.o [1]
PDB_ISR                 0x1fff2430    0x4  Data  Gb  HW_PDB.o [1]
PDB_SE_ISR              0x1fff2434    0x4  Data  Gb  HW_PDB.o [1]
PIT0_IRQHandler         0x1fff1d55   0x16  Code  Gb  HW_PIT.o [1]
PIT1_IRQHandler         0x1fff1d6b   0x16  Code  Gb  HW_PIT.o [1]
PIT2_IRQHandler         0x1fff1d81   0x16  Code  Gb  HW_PIT.o [1]
PIT3_IRQHandler         0x1fff1d97   0x16  Code  Gb  HW_PIT.o [1]
PIT_ISR                 0x1fff2438   0x10  Data  Gb  HW_PIT.o [1]
PORTA_IRQHandler        0x1fff178f   0x12  Code  Gb  HW_GPIO.o [1]
PORTB_IRQHandler        0x1fff17a1   0x12  Code  Gb  HW_GPIO.o [1]
PORTC_IRQHandler        0x1fff17b3   0x12  Code  Gb  HW_GPIO.o [1]
PORTD_IRQHandler        0x1fff17c5   0x12  Code  Gb  HW_GPIO.o [1]
PORTE_IRQHandler        0x1fff17d7   0x12  Code  Gb  HW_GPIO.o [1]
RNGB_IRQHandler         0x1fff0421         Code  Wk  startup_K60.o [1]
RTC_IRQHandler          0x1fff1e25   0x56  Code  Gb  HW_RTC.o [1]
RTC_ISR                 0x1fff2448    0xc  Data  Gb  HW_RTC.o [1]
Region$$Table$$Base     0x1fff20bc          --   Gb  - Linker created -
Region$$Table$$Limit    0x1fff20cc          --   Gb  - Linker created -
Reserved102_IRQHandler  0x1fff0421         Code  Wk  startup_K60.o [1]
Reserved108_IRQHandler  0x1fff0421         Code  Wk  startup_K60.o [1]
Reserved109_IRQHandler  0x1fff0421         Code  Wk  startup_K60.o [1]
Reserved110_IRQHandler  0x1fff0421         Code  Wk  startup_K60.o [1]
Reserved111_IRQHandler  0x1fff0421         Code  Wk  startup_K60.o [1]
Reserved112_IRQHandler  0x1fff0421         Code  Wk  startup_K60.o [1]
Reserved113_IRQHandler  0x1fff0421         Code  Wk  startup_K60.o [1]
Reserved114_IRQHandler  0x1fff0421         Code  Wk  startup_K60.o [1]
Reserved115_IRQHandler  0x1fff0421         Code  Wk  startup_K60.o [1]
Reserved116_IRQHandler  0x1fff0421         Code  Wk  startup_K60.o [1]
Reserved117_IRQHandler  0x1fff0421         Code  Wk  startup_K60.o [1]
Reserved118_IRQHandler  0x1fff0421         Code  Wk  startup_K60.o [1]
Reserved119_IRQHandler  0x1fff0421         Code  Wk  startup_K60.o [1]
Reserved83_IRQHandler   0x1fff0421         Code  Wk  startup_K60.o [1]
Reset_Handler           0x1fff0411         Code  Wk  startup_K60.o [1]
SDHC_IRQHandler         0x1fff0421         Code  Wk  startup_K60.o [1]
SPI0_IRQHandler         0x1fff0e05   0xaa  Code  Gb  HW_SPI.o [1]
SPI0_ISR                0x1fff2454   0x18  Data  Gb  HW_SPI.o [1]
SPI1_IRQHandler         0x1fff0eaf   0xaa  Code  Gb  HW_SPI.o [1]
SPI1_ISR                0x1fff246c   0x18  Data  Gb  HW_SPI.o [1]
SPI2_IRQHandler         0x1fff0f59   0xaa  Code  Gb  HW_SPI.o [1]
SPI2_ISR                0x1fff2484   0x18  Data  Gb  HW_SPI.o [1]
SVC_Handler             0x1fff0421         Code  Wk  startup_K60.o [1]
SystemCoreClock         0x1fff2210    0x4  Data  Gb  system_MK60DZ10.o [1]
SystemCoreClockUpdate   0x1fff12fd   0x4a  Code  Gb  system_MK60DZ10.o [1]
SystemInit              0x1fff1209   0xf4  Code  Gb  system_MK60DZ10.o [1]
TSI_IRQHandler          0x1fff1ce5   0x5c  Code  Gb  HW_TSI.o [1]
TSI_ISR                 0x1fff249c    0x8  Data  Gb  HW_TSI.o [1]
UART0_ERR_IRQHandler    0x1fff0421         Code  Wk  startup_K60.o [1]
UART0_IRQHandler        0x1fff0743   0x30  Code  Gb  HW_UART.o [1]
UART1_ERR_IRQHandler    0x1fff0421         Code  Wk  startup_K60.o [1]
UART1_IRQHandler        0x1fff0773   0x30  Code  Gb  HW_UART.o [1]
UART2_ERR_IRQHandler    0x1fff0421         Code  Wk  startup_K60.o [1]
UART2_IRQHandler        0x1fff07a3   0x30  Code  Gb  HW_UART.o [1]
UART3_ERR_IRQHandler    0x1fff0421         Code  Wk  startup_K60.o [1]
UART3_IRQHandler        0x1fff07d3   0x30  Code  Gb  HW_UART.o [1]
UART4_ERR_IRQHandler    0x1fff0421         Code  Wk  startup_K60.o [1]
UART4_IRQHandler        0x1fff0803   0x30  Code  Gb  HW_UART.o [1]
UART5_ERR_IRQHandler    0x1fff0421         Code  Wk  startup_K60.o [1]
UART5_IRQHandler        0x1fff0833   0x30  Code  Gb  HW_UART.o [1]
UART_R_ISR              0x1fff24a4   0x18  Data  Gb  HW_UART.o [1]
UART_T_ISR              0x1fff24bc   0x18  Data  Gb  HW_UART.o [1]
USB_CD_IRQHandler       0x1fff0421         Code  Wk  startup_K60.o [1]
USB_ISR                 0x1fff24d4    0x4  Data  Gb  HW_USB.o [1]
USB_OTG_IRQHandler      0x1fff2191    0xa  Code  Gb  HW_USB.o [1]
UsageFault_Handler      0x1fff0421         Code  Wk  startup_K60.o [1]
VLD_IRQHandler          0x1fff0421         Code  Wk  startup_K60.o [1]
WDOG_IRQHandler         0x1fff0421         Code  Wk  startup_K60.o [1]
__BOOT_STACK_ADDRESS {Abs}
                        0x2000fff8          --   Gb  command line/config [2]
__VECTOR_RAM {Abs}      0x1fff0000          --   Gb  command line/config [2]
__VECTOR_TABLE {Abs}    0x1fff0000          --   Gb  command line/config [2]
__Vectors               0x1fff0000          --   Gb  startup_K60.o [1]
__Vectors_End           0x1fff0400         Data  Gb  startup_K60.o [1]
__Vectors_Size {Abs}    0x00000400          --   Gb  startup_K60.o [1]
__aeabi_memcpy4         0x1fff1469         Code  Gb  ABImemcpy.o [5]
__aeabi_memcpy8         0x1fff1469         Code  Gb  ABImemcpy.o [5]
__cmain                 0x1fff2129         Code  Gb  cmain.o [5]
__exit                  0x1fff2155   0x14  Code  Gb  exit.o [6]
__iar_data_init3        0x1fff204d   0x28  Code  Gb  data_init3.o [5]
__iar_program_start     0x1fff21a1         Code  Gb  cstartup_M.o [5]
__iar_zero_init3        0x1fff14bf   0x22  Code  Gb  zero_init3.o [5]
__low_level_init        0x1fff213f    0x4  Code  Gb  low_level_init.o [3]
__vector_table          0x1fff0000         Data  Gb  startup_K60.o [1]
__vector_table_0x1c     0x1fff001c         Data  Gb  startup_K60.o [1]
_call_main              0x1fff2135         Code  Gb  cmain.o [5]
_exit                   0x1fff2149         Code  Gb  cexit.o [5]
_main                   0x1fff213b         Code  Gb  cmain.o [5]
assert_failed           0x1fff1831   0x10  Code  Gb  assert.o [1]
common_relocate         0x1fff13c9   0xa0  Code  Gb  relocate.o [1]
delay                   0x1fff1cc5   0x20  Code  Gb  LPLD_LedLight.o [1]
exit                    0x1fff2143    0x4  Code  Gb  exit.o [3]
flexcan_msgobj_param_t  0x1fff221c  0x100  Data  Gb  HW_CAN.o [1]
g_bus_clock             0x1fff2204    0x4  Data  Gb  HW_MCG.o [1]
g_core_clock            0x1fff2200    0x4  Data  Gb  HW_MCG.o [1]
g_flash_clock           0x1fff2208    0x4  Data  Gb  HW_MCG.o [1]
g_flexbus_clock         0x1fff220c    0x4  Data  Gb  HW_MCG.o [1]
gpio_init_struct        0x1fff24d8   0x14  Data  Gb  LPLD_LedLight.o [1]
init_gpio               0x1fff1c87   0x36  Code  Gb  LPLD_LedLight.o [1]
main                    0x1fff1c69   0x1e  Code  Gb  LPLD_LedLight.o [1]
out_char                0x1fff2169    0xe  Code  Gb  io.o [1]
printf                  0x1fff0dc5   0x1e  Code  Gb  printf.o [1]
printk                  0x1fff0a05  0x3c0  Code  Gb  printf.o [1]
printk_mknumstr         0x1fff0959   0x70  Code  Lc  printf.o [1]
printk_pad_space        0x1fff09e7   0x1e  Code  Lc  printf.o [1]
printk_pad_zero         0x1fff09c9   0x1e  Code  Lc  printf.o [1]
printk_putc             0x1fff092d   0x2c  Code  Lc  printf.o [1]
strlen                  0x1fff0de9   0x1c  Code  Gb  stdlib.o [1]


[1] = C:\embed\LPLD\LPLD_OSKinetis_V3\project\02-(GPIO)LPLD_LedLight\iar\RAM\Obj
[2] = command line
[3] = dl7M_tln.a
[4] = m7M_tl.a
[5] = rt7M_tl.a
[6] = shb_l.a

  7 944 bytes of readonly  code memory
     76 bytes of readwrite code memory
    668 bytes of readonly  data memory
  1 772 bytes of readwrite data memory

Errors: none
Warnings: none
